11:57:01 **** Build of configuration Debug for project Toggle_led ****
make -j16 all 
arm-none-eabi-gcc -mcpu=cortex-m3 -g3 -c -x assembler-with-cpp -MMD -MP -MF"Core/Startup/startup_stm32f103c6tx.d" -MT"Core/Startup/startup_stm32f103c6tx.o" --specs=nano.specs -mfloat-abi=soft -mthumb -o "Core/Startup/startup_stm32f103c6tx.o" "../Core/Startup/startup_stm32f103c6tx.s"
arm-none-eabi-gcc "../Core/Src/main.c" -mcpu=cortex-m3 -std=gnu11 -g3 -DUSE_HAL_DRIVER -DSTM32F103x6 -DDEBUG -c -I../Core/Inc -I../Drivers/STM32F1xx_HAL_Driver/Inc -I../Drivers/STM32F1xx_HAL_Driver/Inc/Legacy -I../Drivers/CMSIS/Device/ST/STM32F1xx/Include -I../Drivers/CMSIS/Include -I../core/Startup -O0 -ffunction-sections -fdata-sections -Wall -fstack-usage -MMD -MP -MF"Core/Src/main.d" -MT"Core/Src/main.o" --specs=nano.specs -mfloat-abi=soft -mthumb -o "Core/Src/main.o"
arm-none-eabi-gcc -o "Toggle_led.elf" @"objects.list"   -mcpu=cortex-m3 -T"C:\Users\Mohamed Saber\OneDrive\Desktop\Learn_In_Depth\labs\embedded_diploma\Embedded_System_Learn_In_Depth\Embedded_C\Unit_3_Lesson_1_stm_wrkspace\Toggle_led\STM32F103C6TX_FLASH.ld" --specs=nosys.specs -Wl,-Map="Toggle_led.map" -Wl,--gc-sections -static --specs=nano.specs -mfloat-abi=soft -mthumb -Wl,--start-group -lc -lm -Wl,--end-group
Finished building target: Toggle_led.elf
 
arm-none-eabi-size   Toggle_led.elf 
arm-none-eabi-objdump -h -S  Toggle_led.elf  > "Toggle_led.list"
   text	   data	    bss	    dec	    hex	filename
    624	      8	   1568	   2200	    898	Toggle_led.elf
arm-none-eabi-objcopy  -O ihex  Toggle_led.elf  "Toggle_led.hex"
Finished building: default.size.stdout
Finished building: Toggle_led.list
 
Finished building: Toggle_led.hex
 
arm-none-eabi-objcopy  -O binary  Toggle_led.elf  "Toggle_led.bin"
 
Finished building: Toggle_led.bin
 
11:58:14 **** Incremental Build of configuration Debug for project TEST ****
make -j16 all 
arm-none-eabi-size   TEST.elf 
   text	   data	    bss	    dec	    hex	filename
   3552	     20	   1572	   5144	   1418	TEST.elf
Finished building: default.size.stdout
 
11:58:15 **** Incremental Build of configuration Debug for project Toggle_led ****
make -j16 all 
arm-none-eabi-gcc "../Core/Src/main.c" -mcpu=cortex-m3 -std=gnu11 -g3 -DUSE_HAL_DRIVER -DSTM32F103x6 -DDEBUG -c -I../Core/Inc -I../Drivers/STM32F1xx_HAL_Driver/Inc -I../Drivers/STM32F1xx_HAL_Driver/Inc/Legacy -I../Drivers/CMSIS/Device/ST/STM32F1xx/Include -I../Drivers/CMSIS/Include -I../core/Startup -O0 -ffunction-sections -fdata-sections -Wall -fstack-usage -MMD -MP -MF"Core/Src/main.d" -MT"Core/Src/main.o" --specs=nano.specs -mfloat-abi=soft -mthumb -o "Core/Src/main.o"
arm-none-eabi-gcc -o "Toggle_led.elf" @"objects.list"   -mcpu=cortex-m3 -T"C:\Users\Mohamed Saber\OneDrive\Desktop\Learn_In_Depth\labs\embedded_diploma\Embedded_System_Learn_In_Depth\Embedded_C\Unit_3_Lesson_1_stm_wrkspace\Toggle_led\STM32F103C6TX_FLASH.ld" --specs=nosys.specs -Wl,-Map="Toggle_led.map" -Wl,--gc-sections -static --specs=nano.specs -mfloat-abi=soft -mthumb -Wl,--start-group -lc -lm -Wl,--end-group
Finished building target: Toggle_led.elf
 
arm-none-eabi-objdump -h -S  Toggle_led.elf  > "Toggle_led.list"
arm-none-eabi-objcopy  -O ihex  Toggle_led.elf  "Toggle_led.hex"
arm-none-eabi-objcopy  -O binary  Toggle_led.elf  "Toggle_led.bin"
Finished building: Toggle_led.list
Finished building: Toggle_led.hex
 
Finished building: Toggle_led.bin
 
arm-none-eabi-size   Toggle_led.elf 
 
   text	   data	    bss	    dec	    hex	filename
    624	      8	   1568	   2200	    898	Toggle_led.elf
Finished building: default.size.stdout
 
